08-29 01:38:17.681: I/dalvikvm-heap(185): Grow heap (frag case) to 11.042MB for 345760-byte allocation
08-29 01:38:17.691: D/ExchangeService(407): Received deviceId from Email app: androidc259148960
08-29 01:38:17.691: D/ExchangeService(407): Reconciling accounts...
08-29 01:38:17.762: D/Eas Debug(407): Logging: 
08-29 01:38:17.791: D/dalvikvm(185): GC_FOR_ALLOC freed 10K, 6% free 11215K/11847K, paused 88ms
08-29 01:38:17.841: D/dalvikvm(185): GC_FOR_ALLOC freed 1K, 6% free 11213K/11847K, paused 52ms
08-29 01:38:17.841: I/dalvikvm-heap(185): Grow heap (frag case) to 11.361MB for 345760-byte allocation
08-29 01:38:17.891: D/dalvikvm(185): GC_FOR_ALLOC freed <1K, 6% free 11551K/12231K, paused 41ms
08-29 01:38:17.951: D/dalvikvm(185): GC_FOR_ALLOC freed <1K, 6% free 11552K/12231K, paused 52ms
08-29 01:38:17.951: I/dalvikvm-heap(185): Grow heap (frag case) to 11.691MB for 345760-byte allocation
08-29 01:38:18.041: D/dalvikvm(185): GC_FOR_ALLOC freed <1K, 6% free 11889K/12615K, paused 80ms
08-29 01:38:18.691: D/dalvikvm(229): GC_CONCURRENT freed 213K, 4% free 10209K/10567K, paused 5ms+4ms
08-29 01:38:20.512: D/ExchangeService(407): !!! EAS ExchangeService, onStartCommand, startingUp = false, running = false
08-29 01:38:20.572: D/ExchangeService(407): Reconciling accounts...
08-29 01:38:20.862: D/dalvikvm(185): GC_CONCURRENT freed 219K, 4% free 12278K/12679K, paused 9ms+5ms
08-29 01:38:21.872: D/dalvikvm(185): GC_FOR_ALLOC freed 420K, 5% free 12476K/12999K, paused 68ms
08-29 01:38:21.893: I/dalvikvm-heap(185): Grow heap (frag case) to 13.636MB for 1440016-byte allocation
08-29 01:38:22.102: D/dalvikvm(185): GC_CONCURRENT freed 9K, 4% free 13872K/14407K, paused 5ms+20ms
08-29 01:38:22.672: D/dalvikvm(185): GC_FOR_ALLOC freed 606K, 6% free 14279K/15111K, paused 57ms
08-29 01:38:22.682: I/dalvikvm-heap(185): Grow heap (frag case) to 14.907MB for 925072-byte allocation
08-29 01:38:22.842: D/dalvikvm(185): GC_FOR_ALLOC freed 2K, 6% free 15179K/16071K, paused 76ms
08-29 01:38:23.162: D/dalvikvm(185): GC_FOR_ALLOC freed 28K, 6% free 15165K/16071K, paused 115ms
08-29 01:38:23.212: I/dalvikvm-heap(185): Grow heap (frag case) to 16.116MB for 1286224-byte allocation
08-29 01:38:23.382: D/dalvikvm(185): GC_FOR_ALLOC freed 1K, 6% free 16419K/17351K, paused 76ms
08-29 01:38:24.791: W/SoundPool(88):   sample 0 not READY
08-29 01:38:24.814: D/PhoneStatusBar(141): disable: < expand icons alerts ticker system_info BACK HOME recent* CLOCK >
08-29 01:38:24.972: I/ARMAssembler(35): generated scanline__00000077:03515104_00009001_00000000 [131 ipp] (153 ins) at [0x41c881e8:0x41c8844c] in 8196470 ns
08-29 01:38:24.982: D/PhoneStatusBar(141): disable: < expand icons alerts ticker system_info back* home* recent clock* >
08-29 01:38:25.321: I/ActivityManager(88): Displayed com.android.launcher/com.android.launcher2.Launcher: +31s876ms
08-29 01:39:23.132: W/ThrottleService(88): unable to find stats for iface rmnet0
08-29 01:40:42.081: D/AndroidRuntime(478): >>>>>> AndroidRuntime START com.android.internal.os.RuntimeInit <<<<<<
08-29 01:40:42.081: D/AndroidRuntime(478): CheckJNI is ON
08-29 01:40:42.982: D/AndroidRuntime(478): Calling main entry com.android.commands.pm.Pm
08-29 01:40:42.982: W/dalvikvm(478): JNI WARNING: input is not valid Modified UTF-8: illegal start byte 0xb8
08-29 01:40:42.982: W/dalvikvm(478):              string: '/data/local/tmp/ZmView_9 - ????.apk'
08-29 01:40:42.982: W/dalvikvm(478):              in Lcom/android/internal/os/RuntimeInit;.finishInit:()V (NewStringUTF)
08-29 01:40:42.982: I/dalvikvm(478): "main" prio=5 tid=1 NATIVE
08-29 01:40:42.982: I/dalvikvm(478):   | group="main" sCount=0 dsCount=0 obj=0x40997460 self=0x127f0
08-29 01:40:42.982: I/dalvikvm(478):   | sysTid=478 nice=0 sched=0/0 cgrp=default handle=1074082952
08-29 01:40:42.982: I/dalvikvm(478):   | schedstat=( 960529279 111366250 180 ) utm=74 stm=22 core=0
08-29 01:40:42.982: I/dalvikvm(478):   at com.android.internal.os.RuntimeInit.finishInit(Native Method)
08-29 01:40:42.982: I/dalvikvm(478):   at com.android.internal.os.RuntimeInit.main(RuntimeInit.java:238)
08-29 01:40:42.982: I/dalvikvm(478):   at dalvik.system.NativeStart.main(Native Method)
08-29 01:40:42.982: E/dalvikvm(478): VM aborting
08-29 01:40:42.982: A/libc(478): Fatal signal 11 (SIGSEGV) at 0xdeadd00d (code=1)
08-29 01:40:43.303: I/DEBUG(33): *** *** *** *** *** *** *** *** *** *** *** *** *** *** *** ***
08-29 01:40:43.303: I/DEBUG(33): Build fingerprint: 'generic/sdk/generic:4.0.2/ICS_MR0/229537:eng/test-keys'
08-29 01:40:43.303: I/DEBUG(33): pid: 478, tid: 478  >>> app_process <<<
08-29 01:40:43.303: I/DEBUG(33): signal 11 (SIGSEGV), code 1 (SEGV_MAPERR), fault addr deadd00d
08-29 01:40:43.303: I/DEBUG(33):  r0 00000000  r1 00097418  r2 00000000  r3 00000000
08-29 01:40:43.303: I/DEBUG(33):  r4 deadd00d  r5 4086cc58  r6 0000020c  r7 bed7ad44
08-29 01:40:43.303: I/DEBUG(33):  r8 40849027  r9 408488c3  10 40849033  fp 40849254
08-29 01:40:43.303: I/DEBUG(33):  ip 00000000  sp bed7a438  lr 40805d63  pc 40805d62  cpsr 60000030
08-29 01:40:43.303: I/DEBUG(33):  d0  4040000040000000  d1  0000000000000000
08-29 01:40:43.303: I/DEBUG(33):  d2  0000000000000000  d3  0000000000000000
08-29 01:40:43.303: I/DEBUG(33):  d4  0000000000000000  d5  41c24829e7000000
08-29 01:40:43.303: I/DEBUG(33):  d6  4010000000000000  d7  4000000000000000
08-29 01:40:43.303: I/DEBUG(33):  d8  0000000000000000  d9  0000000000000000
08-29 01:40:43.303: I/DEBUG(33):  d10 0000000000000000  d11 0000000000000000
08-29 01:40:43.303: I/DEBUG(33):  d12 0000000000000000  d13 0000000000000000
08-29 01:40:43.303: I/DEBUG(33):  d14 0000000000000000  d15 0000000000000000
08-29 01:40:43.303: I/DEBUG(33):  scr 80000010
08-29 01:40:43.502: I/DEBUG(33):          #00  pc 00050d62  /system/lib/libdvm.so (dvmAbort)
08-29 01:40:43.502: I/DEBUG(33):          #01  pc 00044962  /system/lib/libdvm.so
08-29 01:40:43.502: I/DEBUG(33):          #02  pc 000452c4  /system/lib/libdvm.so
08-29 01:40:43.502: I/DEBUG(33):          #03  pc 000468bc  /system/lib/libdvm.so
08-29 01:40:43.512: I/DEBUG(33):          #04  pc 00040c10  /system/lib/libandroid_runtime.so (_ZN7android14AndroidRuntime8callMainEPKcP7_jclassiPKS2_)
08-29 01:40:43.512: I/DEBUG(33):          #05  pc 00008d04  /system/bin/app_process
08-29 01:40:43.512: I/DEBUG(33):          #06  pc 00040964  /system/lib/libandroid_runtime.so
08-29 01:40:43.512: I/DEBUG(33):          #07  pc 0001ec70  /system/lib/libdvm.so (dvmPlatformInvoke)
08-29 01:40:43.512: I/DEBUG(33):          #08  pc 0005925a  /system/lib/libdvm.so (_Z16dvmCallJNIMethodPKjP6JValuePK6MethodP6Thread)
08-29 01:40:43.512: I/DEBUG(33):          #09  pc 0004cc7c  /system/lib/libdvm.so (_Z21dvmCheckCallJNIMethodPKjP6JValuePK6MethodP6Thread)
08-29 01:40:43.512: I/DEBUG(33):          #10  pc 00030a8c  /system/lib/libdvm.so
08-29 01:40:43.512: I/DEBUG(33):          #11  pc 000342ac  /system/lib/libdvm.so (_Z12dvmInterpretP6ThreadPK6MethodP6JValue)
08-29 01:40:43.512: I/DEBUG(33):          #12  pc 0006cc1c  /system/lib/libdvm.so (_Z14dvmCallMethodVP6ThreadPK6MethodP6ObjectbP6JValueSt9__va_list)
08-29 01:40:43.512: I/DEBUG(33):          #13  pc 00055226  /system/lib/libdvm.so
08-29 01:40:43.512: I/DEBUG(33):          #14  pc 00049b5c  /system/lib/libdvm.so
08-29 01:40:43.512: I/DEBUG(33):          #15  pc 00040b7a  /system/lib/libandroid_runtime.so
08-29 01:40:43.512: I/DEBUG(33):          #16  pc 000416e2  /system/lib/libandroid_runtime.so (_ZN7android14AndroidRuntime5startEPKcS2_)
08-29 01:40:43.512: I/DEBUG(33):          #17  pc 00008f0e  /system/bin/app_process
08-29 01:40:43.512: I/DEBUG(33):          #18  pc 00016700  /system/lib/libc.so (__libc_init)
08-29 01:40:43.512: I/DEBUG(33): code around pc:
08-29 01:40:43.512: I/DEBUG(33): 40805d40 34bcf8d3 ec16f7cd 26001e73 2f01f813 
08-29 01:40:43.512: I/DEBUG(33): 40805d50 42abb152 d0074416 4798e7f8 f7ff4c0a 
08-29 01:40:43.512: I/DEBUG(33): 40805d60 7026ffa7 ec0cf7cd 2006490c 44794a0c 
08-29 01:40:43.512: I/DEBUG(33): 40805d70 f7cd447a 2000eace eb84f7cd 58e54b05 
08-29 01:40:43.512: I/DEBUG(33): 40805d80 2b006c6b e7e9d1e9 deadd00d 00062278 
08-29 01:40:43.512: I/DEBUG(33): code around lr:
08-29 01:40:43.522: I/DEBUG(33): 40805d40 34bcf8d3 ec16f7cd 26001e73 2f01f813 
08-29 01:40:43.522: I/DEBUG(33): 40805d50 42abb152 d0074416 4798e7f8 f7ff4c0a 
08-29 01:40:43.522: I/DEBUG(33): 40805d60 7026ffa7 ec0cf7cd 2006490c 44794a0c 
08-29 01:40:43.522: I/DEBUG(33): 40805d70 f7cd447a 2000eace eb84f7cd 58e54b05 
08-29 01:40:43.522: I/DEBUG(33): 40805d80 2b006c6b e7e9d1e9 deadd00d 00062278 
08-29 01:40:43.522: I/DEBUG(33): stack:
08-29 01:40:43.522: I/DEBUG(33):     bed7a3f8  00000000  
08-29 01:40:43.522: I/DEBUG(33):     bed7a3fc  4001df19  /system/lib/libc.so
08-29 01:40:43.522: I/DEBUG(33):     bed7a400  40047720  
08-29 01:40:43.522: I/DEBUG(33):     bed7a404  400476b0  
08-29 01:40:43.522: I/DEBUG(33):     bed7a408  00000000  
08-29 01:40:43.522: I/DEBUG(33):     bed7a40c  4001f121  /system/lib/libc.so
08-29 01:40:43.522: I/DEBUG(33):     bed7a410  4004755c  
08-29 01:40:43.522: I/DEBUG(33):     bed7a414  00000000  
08-29 01:40:43.522: I/DEBUG(33):     bed7a418  0000020c  
08-29 01:40:43.522: I/DEBUG(33):     bed7a41c  bed7ad44  
08-29 01:40:43.522: I/DEBUG(33):     bed7a420  40849027  /system/lib/libdvm.so
08-29 01:40:43.522: I/DEBUG(33):     bed7a424  4001df37  /system/lib/libc.so
08-29 01:40:43.522: I/DEBUG(33):     bed7a428  40867f90  
08-29 01:40:43.522: I/DEBUG(33):     bed7a42c  bed7a63b  
08-29 01:40:43.522: I/DEBUG(33):     bed7a430  df0027ad  
08-29 01:40:43.522: I/DEBUG(33):     bed7a434  00000000  
08-29 01:40:43.522: I/DEBUG(33): #00 bed7a438  00000018  
08-29 01:40:43.522: I/DEBUG(33):     bed7a43c  6c756e28  
08-29 01:40:43.522: I/DEBUG(33):     bed7a440  0000296c  
08-29 01:40:43.522: I/DEBUG(33):     bed7a444  00000000  
08-29 01:40:43.522: I/DEBUG(33):     bed7a448  00000000  
08-29 01:40:43.522: I/DEBUG(33):     bed7a44c  00000000  
08-29 01:40:43.522: I/DEBUG(33):     bed7a450  00000000  
08-29 01:40:43.522: I/DEBUG(33):     bed7a454  00000000  
08-29 01:40:43.522: I/DEBUG(33):     bed7a458  00000000  
08-29 01:40:43.522: I/DEBUG(33):     bed7a45c  00000000  
08-29 01:40:43.522: I/DEBUG(33):     bed7a460  00000000  
08-29 01:40:43.522: I/DEBUG(33):     bed7a464  00000000  
08-29 01:40:43.522: I/DEBUG(33):     bed7a468  00000000  
08-29 01:40:43.522: I/DEBUG(33):     bed7a46c  00000000  
08-29 01:40:43.522: I/DEBUG(33):     bed7a470  00000000  
08-29 01:40:43.522: I/DEBUG(33):     bed7a474  00000000  
08-29 01:40:43.522: I/DEBUG(33):     bed7a478  00000000  
08-29 01:40:43.522: I/DEBUG(33):     bed7a47c  00000000  
08-29 01:40:43.522: I/DEBUG(33):     bed7a480  00000000  
08-29 01:40:43.522: I/DEBUG(33):     bed7a484  00000000  
08-29 01:40:43.522: I/DEBUG(33):     bed7a488  00000000  
08-29 01:40:43.522: I/DEBUG(33):     bed7a48c  00000000  
08-29 01:40:43.522: I/DEBUG(33):     bed7a490  00000000  
08-29 01:40:43.522: I/DEBUG(33):     bed7a494  00000000  
08-29 01:40:43.522: I/DEBUG(33):     bed7a498  00000000  
08-29 01:40:43.522: I/DEBUG(33):     bed7a49c  00000000  
08-29 01:40:43.522: I/DEBUG(33):     bed7a4a0  00000000  
08-29 01:40:43.522: I/DEBUG(33):     bed7a4a4  00000000  
08-29 01:40:43.522: I/DEBUG(33):     bed7a4a8  00000000  
08-29 01:40:43.522: I/DEBUG(33):     bed7a4ac  00000000  
08-29 01:40:43.522: I/DEBUG(33):     bed7a4b0  00000000  
08-29 01:40:43.522: I/DEBUG(33):     bed7a4b4  00000000  
08-29 01:40:43.522: I/DEBUG(33):     bed7a4b8  00000000  
08-29 01:40:43.522: I/DEBUG(33):     bed7a4bc  00000000  
08-29 01:40:43.522: I/DEBUG(33):     bed7a4c0  00000000  
08-29 01:40:43.522: I/DEBUG(33):     bed7a4c4  00000000  
08-29 01:40:43.522: I/DEBUG(33):     bed7a4c8  00000000  
08-29 01:40:43.522: I/DEBUG(33):     bed7a4cc  00000000  
08-29 01:40:43.522: I/DEBUG(33):     bed7a4d0  00000000  
08-29 01:40:43.522: I/DEBUG(33):     bed7a4d4  00000000  
08-29 01:40:43.522: I/DEBUG(33):     bed7a4d8  00000000  
08-29 01:40:43.522: I/DEBUG(33):     bed7a4dc  00000000  
08-29 01:40:43.522: I/DEBUG(33):     bed7a4e0  00000000  
08-29 01:40:43.522: I/DEBUG(33):     bed7a4e4  00000000  
08-29 01:40:43.522: I/DEBUG(33):     bed7a4e8  00000000  
08-29 01:40:43.522: I/DEBUG(33):     bed7a4ec  00000000  
08-29 01:40:43.522: I/DEBUG(33):     bed7a4f0  00000000  
08-29 01:40:43.522: I/DEBUG(33):     bed7a4f4  00000000  
08-29 01:40:43.522: I/DEBUG(33):     bed7a4f8  00000000  
08-29 01:40:43.522: I/DEBUG(33):     bed7a4fc  00000000  
08-29 01:40:43.522: I/DEBUG(33):     bed7a500  00000000  
08-29 01:40:43.522: I/DEBUG(33):     bed7a504  00000000  
08-29 01:40:43.522: I/DEBUG(33):     bed7a508  00000000  
08-29 01:40:43.522: I/DEBUG(33):     bed7a50c  00000000  
08-29 01:40:43.522: I/DEBUG(33):     bed7a510  00000000  
08-29 01:40:43.522: I/DEBUG(33):     bed7a514  00000000  
08-29 01:40:43.522: I/DEBUG(33):     bed7a518  00000000  
08-29 01:40:43.522: I/DEBUG(33):     bed7a51c  00000000  
08-29 01:40:43.522: I/DEBUG(33):     bed7a520  00000000  
08-29 01:40:43.522: I/DEBUG(33):     bed7a524  00000000  
08-29 01:40:43.522: I/DEBUG(33):     bed7a528  00000000  
08-29 01:40:43.522: I/DEBUG(33):     bed7a52c  00000000  
08-29 01:40:43.522: I/DEBUG(33):     bed7a530  00000000  
08-29 01:40:43.522: I/DEBUG(33):     bed7a534  00000000  
08-29 01:40:43.522: I/DEBUG(33):     bed7a538  00000000  
08-29 01:40:43.522: I/DEBUG(33):     bed7a53c  00000000  
08-29 01:40:43.522: I/DEBUG(33):     bed7a540  00000000  
08-29 01:40:43.522: I/DEBUG(33):     bed7a544  00000000  
08-29 01:40:43.522: I/DEBUG(33):     bed7a548  00000000  
08-29 01:40:43.522: I/DEBUG(33):     bed7a54c  00000000  
08-29 01:40:43.522: I/DEBUG(33):     bed7a550  00000000  
08-29 01:40:43.522: I/DEBUG(33):     bed7a554  00000000  
08-29 01:40:43.522: I/DEBUG(33):     bed7a558  00000000  
08-29 01:40:43.522: I/DEBUG(33):     bed7a55c  00000000  
08-29 01:40:43.532: I/DEBUG(33):     bed7a560  00000000  
08-29 01:40:43.532: I/DEBUG(33):     bed7a564  00000000  
08-29 01:40:43.532: I/DEBUG(33):     bed7a568  00000000  
08-29 01:40:43.532: I/DEBUG(33):     bed7a56c  00000000  
08-29 01:40:43.532: I/DEBUG(33):     bed7a570  00000000  
08-29 01:40:43.532: I/DEBUG(33):     bed7a574  00000000  
08-29 01:40:43.532: I/DEBUG(33):     bed7a578  00000000  
08-29 01:40:43.532: I/DEBUG(33):     bed7a57c  00000000  
08-29 01:40:43.532: I/DEBUG(33):     bed7a580  00000000  
08-29 01:40:43.532: I/DEBUG(33):     bed7a584  00000000  
08-29 01:40:43.532: I/DEBUG(33):     bed7a588  00000000  
08-29 01:40:43.532: I/DEBUG(33):     bed7a58c  00000000  
08-29 01:40:43.532: I/DEBUG(33):     bed7a590  00000000  
08-29 01:40:43.532: I/DEBUG(33):     bed7a594  00000000  
08-29 01:40:43.532: I/DEBUG(33):     bed7a598  00000000  
08-29 01:40:43.532: I/DEBUG(33):     bed7a59c  00000000  
08-29 01:40:43.532: I/DEBUG(33):     bed7a5a0  00000000  
08-29 01:40:43.532: I/DEBUG(33):     bed7a5a4  00000000  
08-29 01:40:43.532: I/DEBUG(33):     bed7a5a8  00000000  
08-29 01:40:43.532: I/DEBUG(33):     bed7a5ac  00000000  
08-29 01:40:43.532: I/DEBUG(33):     bed7a5b0  00000000  
08-29 01:40:43.532: I/DEBUG(33):     bed7a5b4  00000000  
08-29 01:40:43.532: I/DEBUG(33):     bed7a5b8  00000000  
08-29 01:40:43.532: I/DEBUG(33):     bed7a5bc  00000000  
08-29 01:40:43.532: I/DEBUG(33):     bed7a5c0  00000000  
08-29 01:40:43.532: I/DEBUG(33):     bed7a5c4  00000000  
08-29 01:40:43.532: I/DEBUG(33):     bed7a5c8  00000000  
08-29 01:40:43.532: I/DEBUG(33):     bed7a5cc  00000000  
08-29 01:40:43.532: I/DEBUG(33):     bed7a5d0  00000000  
08-29 01:40:43.532: I/DEBUG(33):     bed7a5d4  00000000  
08-29 01:40:43.532: I/DEBUG(33):     bed7a5d8  00000000  
08-29 01:40:43.532: I/DEBUG(33):     bed7a5dc  00000000  
08-29 01:40:43.532: I/DEBUG(33):     bed7a5e0  00000000  
08-29 01:40:43.532: I/DEBUG(33):     bed7a5e4  00000000  
08-29 01:40:43.532: I/DEBUG(33):     bed7a5e8  00000000  
08-29 01:40:43.532: I/DEBUG(33):     bed7a5ec  00000000  
08-29 01:40:43.532: I/DEBUG(33):     bed7a5f0  00000000  
08-29 01:40:43.532: I/DEBUG(33):     bed7a5f4  00000000  
08-29 01:40:43.532: I/DEBUG(33):     bed7a5f8  00000000  
08-29 01:40:43.532: I/DEBUG(33):     bed7a5fc  00000000  
08-29 01:40:43.532: I/DEBUG(33):     bed7a600  00000000  
08-29 01:40:43.532: I/DEBUG(33):     bed7a604  00000000  
08-29 01:40:43.532: I/DEBUG(33):     bed7a608  00000000  
08-29 01:40:43.532: I/DEBUG(33):     bed7a60c  00000000  
08-29 01:40:43.532: I/DEBUG(33):     bed7a610  00000000  
08-29 01:40:43.532: I/DEBUG(33):     bed7a614  00000000  
08-29 01:40:43.532: I/DEBUG(33):     bed7a618  00000000  
08-29 01:40:43.532: I/DEBUG(33):     bed7a61c  00000000  
08-29 01:40:43.532: I/DEBUG(33):     bed7a620  00000000  
08-29 01:40:43.532: I/DEBUG(33):     bed7a624  00000000  
08-29 01:40:43.532: I/DEBUG(33):     bed7a628  00000000  
08-29 01:40:43.532: I/DEBUG(33):     bed7a62c  00000000  
08-29 01:40:43.532: I/DEBUG(33):     bed7a630  00000000  
08-29 01:40:43.532: I/DEBUG(33):     bed7a634  00000000  
08-29 01:40:43.532: I/DEBUG(33):     bed7a638  00000000  
08-29 01:40:43.532: I/DEBUG(33):     bed7a63c  195fd4eb  
08-29 01:40:43.532: I/DEBUG(33):     bed7a640  00000000  
08-29 01:40:43.532: I/DEBUG(33):     bed7a644  40867f90  
08-29 01:40:43.532: I/DEBUG(33):     bed7a648  408488c3  /system/lib/libdvm.so
08-29 01:40:43.532: I/DEBUG(33):     bed7a64c  407f9967  /system/lib/libdvm.so
08-29 01:40:43.532: I/DEBUG(33): #01 bed7a650  bed7a73c  
08-29 01:40:43.532: I/DEBUG(33):     bed7a654  407fa2c9  /system/lib/libdvm.so
08-29 01:42:52.151: D/dalvikvm(169): GC_CONCURRENT freed 454K, 6% free 10351K/10951K, paused 24ms+6ms
08-29 01:43:16.511: D/dalvikvm(185): GC_FOR_ALLOC freed 2746K, 18% free 14694K/17735K, paused 59ms
08-29 01:43:16.731: D/dalvikvm(185): GC_FOR_ALLOC freed 5K, 11% free 15827K/17735K, paused 74ms
08-29 01:43:16.741: I/dalvikvm-heap(185): Grow heap (frag case) to 16.646MB for 1163536-byte allocation
08-29 01:43:16.791: D/dalvikvm(185): GC_FOR_ALLOC freed 0K, 11% free 16964K/18887K, paused 52ms
08-29 01:43:16.871: D/dalvikvm(185): GC_FOR_ALLOC freed 0K, 11% free 16964K/18887K, paused 51ms
08-29 01:43:16.881: I/dalvikvm-heap(185): Grow heap (frag case) to 17.756MB for 1163536-byte allocation
08-29 01:43:16.942: D/dalvikvm(185): GC_FOR_ALLOC freed 0K, 10% free 18100K/20039K, paused 59ms
08-29 01:43:17.151: D/dalvikvm(185): GC_FOR_ALLOC freed 4K, 10% free 18098K/20039K, paused 60ms
08-29 01:43:17.161: I/dalvikvm-heap(185): Grow heap (frag case) to 18.901MB for 1203064-byte allocation
08-29 01:43:17.221: D/dalvikvm(185): GC_FOR_ALLOC freed 0K, 10% free 19273K/21255K, paused 65ms
08-29 01:43:17.361: D/dalvikvm(185): GC_FOR_ALLOC freed 0K, 10% free 19273K/21255K, paused 53ms
08-29 01:43:17.371: I/dalvikvm-heap(185): Grow heap (frag case) to 20.297MB for 1463056-byte allocation
08-29 01:43:17.441: D/dalvikvm(185): GC_FOR_ALLOC freed 0K, 9% free 20702K/22727K, paused 64ms
08-29 01:43:17.511: D/dalvikvm(185): GC_FOR_ALLOC freed 0K, 9% free 20702K/22727K, paused 63ms
08-29 01:43:17.521: I/dalvikvm-heap(185): Grow heap (frag case) to 21.693MB for 1463056-byte allocation
08-29 01:43:17.581: D/dalvikvm(185): GC_FOR_ALLOC freed 0K, 9% free 22131K/24199K, paused 64ms
08-29 01:43:19.671: D/dalvikvm(185): GC_FOR_ALLOC freed 1433K, 13% free 21233K/24199K, paused 62ms
08-29 01:43:19.901: D/dalvikvm(185): GC_FOR_ALLOC freed 1430K, 13% free 21235K/24199K, paused 63ms
08-29 01:43:20.581: D/StrictMode(185): StrictMode policy violation; ~duration=211 ms: android.os.StrictMode$StrictModeDiskReadViolation: policy=2711 violation=2
08-29 01:43:20.581: D/StrictMode(185): 	at android.os.StrictMode$AndroidBlockGuardPolicy.onReadFromDisk(StrictMode.java:1074)
08-29 01:43:20.581: D/StrictMode(185): 	at libcore.io.BlockGuardOs.open(BlockGuardOs.java:94)
08-29 01:43:20.581: D/StrictMode(185): 	at libcore.io.IoBridge.open(IoBridge.java:390)
08-29 01:43:20.581: D/StrictMode(185): 	at java.io.FileOutputStream.<init>(FileOutputStream.java:88)
08-29 01:43:20.581: D/StrictMode(185): 	at java.io.FileOutputStream.<init>(FileOutputStream.java:73)
08-29 01:43:20.581: D/StrictMode(185): 	at android.app.SharedPreferencesImpl.createFileOutputStream(SharedPreferencesImpl.java:523)
08-29 01:43:20.581: D/StrictMode(185): 	at android.app.SharedPreferencesImpl.writeToFile(SharedPreferencesImpl.java:571)
08-29 01:43:20.581: D/StrictMode(185): 	at android.app.SharedPreferencesImpl.access$800(SharedPreferencesImpl.java:48)
08-29 01:43:20.581: D/StrictMode(185): 	at android.app.SharedPreferencesImpl$2.run(SharedPreferencesImpl.java:491)
08-29 01:43:20.581: D/StrictMode(185): 	at android.app.SharedPreferencesImpl.enqueueDiskWrite(SharedPreferencesImpl.java:512)
08-29 01:43:20.581: D/StrictMode(185): 	at android.app.SharedPreferencesImpl.access$100(SharedPreferencesImpl.java:48)
08-29 01:43:20.581: D/StrictMode(185): 	at android.app.SharedPreferencesImpl$EditorImpl.commit(SharedPreferencesImpl.java:434)
08-29 01:43:20.581: D/StrictMode(185): 	at com.android.launcher2.Launcher$18.onAnimationEnd(Launcher.java:3180)
08-29 01:43:20.581: D/StrictMode(185): 	at android.animation.ValueAnimator.endAnimation(ValueAnimator.java:1033)
08-29 01:43:20.581: D/StrictMode(185): 	at android.animation.ValueAnimator.access$900(ValueAnimator.java:42)
08-29 01:43:20.581: D/StrictMode(185): 	at android.animation.ValueAnimator$AnimationHandler.handleMessage(ValueAnimator.java:668)
08-29 01:43:20.581: D/StrictMode(185): 	at android.os.Handler.dispatchMessage(Handler.java:99)
08-29 01:43:20.581: D/StrictMode(185): 	at android.os.Looper.loop(Looper.java:137)
08-29 01:43:20.581: D/StrictMode(185): 	at android.app.ActivityThread.main(ActivityThread.java:4340)
08-29 01:43:20.581: D/StrictMode(185): 	at java.lang.reflect.Method.invokeNative(Native Method)
08-29 01:43:20.581: D/StrictMode(185): 	at java.lang.reflect.Method.invoke(Method.java:511)
08-29 01:43:20.581: D/StrictMode(185): 	at com.android.internal.os.ZygoteInit$MethodAndArgsCaller.run(ZygoteInit.java:784)
08-29 01:43:20.581: D/StrictMode(185): 	at com.android.internal.os.ZygoteInit.main(ZygoteInit.java:551)
08-29 01:43:20.581: D/StrictMode(185): 	at dalvik.system.NativeStart.main(Native Method)
08-29 01:43:20.591: D/StrictMode(185): StrictMode policy violation; ~duration=125 ms: android.os.StrictMode$StrictModeDiskWriteViolation: policy=2711 violation=1
08-29 01:43:20.591: D/StrictMode(185): 	at android.os.StrictMode$AndroidBlockGuardPolicy.onWriteToDisk(StrictMode.java:1048)
08-29 01:43:20.591: D/StrictMode(185): 	at libcore.io.BlockGuardOs.write(BlockGuardOs.java:178)
08-29 01:43:20.591: D/StrictMode(185): 	at libcore.io.IoBridge.write(IoBridge.java:447)
08-29 01:43:20.591: D/StrictMode(185): 	at java.io.FileOutputStream.write(FileOutputStream.java:187)
08-29 01:43:20.591: D/StrictMode(185): 	at com.android.internal.util.FastXmlSerializer.flushBytes(FastXmlSerializer.java:212)
08-29 01:43:20.591: D/StrictMode(185): 	at com.android.internal.util.FastXmlSerializer.flush(FastXmlSerializer.java:233)
08-29 01:43:20.591: D/StrictMode(185): 	at com.android.internal.util.FastXmlSerializer.endDocument(FastXmlSerializer.java:183)
08-29 01:43:20.591: D/StrictMode(185): 	at com.android.internal.util.XmlUtils.writeMapXml(XmlUtils.java:186)
08-29 01:43:20.591: D/StrictMode(185): 	at android.app.SharedPreferencesImpl.writeToFile(SharedPreferencesImpl.java:576)
08-29 01:43:20.591: D/StrictMode(185): 	at android.app.SharedPreferencesImpl.access$800(SharedPreferencesImpl.java:48)
08-29 01:43:20.591: D/StrictMode(185): 	at android.app.SharedPreferencesImpl$2.run(SharedPreferencesImpl.java:491)
08-29 01:43:20.591: D/StrictMode(185): 	at android.app.SharedPreferencesImpl.enqueueDiskWrite(SharedPreferencesImpl.java:512)
08-29 01:43:20.591: D/StrictMode(185): 	at android.app.SharedPreferencesImpl.access$100(SharedPreferencesImpl.java:48)
08-29 01:43:20.591: D/StrictMode(185): 	at android.app.SharedPreferencesImpl$EditorImpl.commit(SharedPreferencesImpl.java:434)
08-29 01:43:20.591: D/StrictMode(185): 	at com.android.launcher2.Launcher$18.onAnimationEnd(Launcher.java:3180)
08-29 01:43:20.591: D/StrictMode(185): 	at android.animation.ValueAnimator.endAnimation(ValueAnimator.java:1033)
08-29 01:43:20.591: D/StrictMode(185): 	at android.animation.ValueAnimator.access$900(ValueAnimator.java:42)
08-29 01:43:20.591: D/StrictMode(185): 	at android.animation.ValueAnimator$AnimationHandler.handleMessage(ValueAnimator.java:668)
08-29 01:43:20.591: D/StrictMode(185): 	at android.os.Handler.dispatchMessage(Handler.java:99)
08-29 01:43:20.591: D/StrictMode(185): 	at android.os.Looper.loop(Looper.java:137)
08-29 01:43:20.591: D/StrictMode(185): 	at android.app.ActivityThread.main(ActivityThread.java:4340)
08-29 01:43:20.591: D/StrictMode(185): 	at java.lang.reflect.Method.invokeNative(Native Method)
08-29 01:43:20.591: D/StrictMode(185): 	at java.lang.reflect.Method.invoke(Method.java:511)
08-29 01:43:20.591: D/StrictMode(185): 	at com.android.internal.os.ZygoteInit$MethodAndArgsCaller.run(ZygoteInit.java:784)
08-29 01:43:20.591: D/StrictMode(185): 	at com.android.internal.os.ZygoteInit.main(ZygoteInit.java:551)
08-29 01:43:20.591: D/StrictMode(185): 	at dalvik.system.NativeStart.main(Native Method)
08-29 01:43:20.601: D/StrictMode(185): StrictMode policy violation; ~duration=80 ms: android.os.StrictMode$StrictModeDiskWriteViolation: policy=2711 violation=1
08-29 01:43:20.601: D/StrictMode(185): 	at android.os.StrictMode$AndroidBlockGuardPolicy.onWriteToDisk(StrictMode.java:1048)
08-29 01:43:20.601: D/StrictMode(185): 	at libcore.io.BlockGuardOs.fsync(BlockGuardOs.java:84)
08-29 01:43:20.601: D/StrictMode(185): 	at java.io.FileDescriptor.sync(FileDescriptor.java:71)
08-29 01:43:20.601: D/StrictMode(185): 	at android.os.FileUtils.sync(FileUtils.java:111)
08-29 01:43:20.601: D/StrictMode(185): 	at android.app.SharedPreferencesImpl.writeToFile(SharedPreferencesImpl.java:577)
08-29 01:43:20.601: D/StrictMode(185): 	at android.app.SharedPreferencesImpl.access$800(SharedPreferencesImpl.java:48)
08-29 01:43:20.601: D/StrictMode(185): 	at android.app.SharedPreferencesImpl$2.run(SharedPreferencesImpl.java:491)
08-29 01:43:20.601: D/StrictMode(185): 	at android.app.SharedPreferencesImpl.enqueueDiskWrite(SharedPreferencesImpl.java:512)
08-29 01:43:20.601: D/StrictMode(185): 	at android.app.SharedPreferencesImpl.access$100(SharedPreferencesImpl.java:48)
08-29 01:43:20.601: D/StrictMode(185): 	at android.app.SharedPreferencesImpl$EditorImpl.commit(SharedPreferencesImpl.java:434)
08-29 01:43:20.601: D/StrictMode(185): 	at com.android.launcher2.Launcher$18.onAnimationEnd(Launcher.java:3180)
08-29 01:43:20.601: D/StrictMode(185): 	at android.animation.ValueAnimator.endAnimation(ValueAnimator.java:1033)
08-29 01:43:20.601: D/StrictMode(185): 	at android.animation.ValueAnimator.access$900(ValueAnimator.java:42)
08-29 01:43:20.601: D/StrictMode(185): 	at android.animation.ValueAnimator$AnimationHandler.handleMessage(ValueAnimator.java:668)
08-29 01:43:20.601: D/StrictMode(185): 	at android.os.Handler.dispatchMessage(Handler.java:99)
08-29 01:43:20.601: D/StrictMode(185): 	at android.os.Looper.loop(Looper.java:137)
08-29 01:43:20.601: D/StrictMode(185): 	at android.app.ActivityThread.main(ActivityThread.java:4340)
08-29 01:43:20.601: D/StrictMode(185): 	at java.lang.reflect.Method.invokeNative(Native Method)
08-29 01:43:20.601: D/StrictMode(185): 	at java.lang.reflect.Method.invoke(Method.java:511)
08-29 01:43:20.601: D/StrictMode(185): 	at com.android.internal.os.ZygoteInit$MethodAndArgsCaller.run(ZygoteInit.java:784)
08-29 01:43:20.601: D/StrictMode(185): 	at com.android.internal.os.ZygoteInit.main(ZygoteInit.java:551)
08-29 01:43:20.601: D/StrictMode(185): 	at dalvik.system.NativeStart.main(Native Method)
08-29 01:43:20.621: D/StrictMode(185): StrictMode policy violation; ~duration=71 ms: android.os.StrictMode$StrictModeDiskReadViolation: policy=2711 violation=2
08-29 01:43:20.621: D/StrictMode(185): 	at android.os.StrictMode$AndroidBlockGuardPolicy.onReadFromDisk(StrictMode.java:1074)
08-29 01:43:20.621: D/StrictMode(185): 	at android.os.StrictMode.noteDiskRead(StrictMode.java:1817)
08-29 01:43:20.621: D/StrictMode(185): 	at android.os.FileUtils.getFileStatus(FileUtils.java:82)
08-29 01:43:20.621: D/StrictMode(185): 	at android.app.SharedPreferencesImpl.writeToFile(SharedPreferencesImpl.java:581)
08-29 01:43:20.621: D/StrictMode(185): 	at android.app.SharedPreferencesImpl.access$800(SharedPreferencesImpl.java:48)
08-29 01:43:20.621: D/StrictMode(185): 	at android.app.SharedPreferencesImpl$2.run(SharedPreferencesImpl.java:491)
08-29 01:43:20.621: D/StrictMode(185): 	at android.app.SharedPreferencesImpl.enqueueDiskWrite(SharedPreferencesImpl.java:512)
08-29 01:43:20.621: D/StrictMode(185): 	at android.app.SharedPreferencesImpl.access$100(SharedPreferencesImpl.java:48)
08-29 01:43:20.621: D/StrictMode(185): 	at android.app.SharedPreferencesImpl$EditorImpl.commit(SharedPreferencesImpl.java:434)
08-29 01:43:20.621: D/StrictMode(185): 	at com.android.launcher2.Launcher$18.onAnimationEnd(Launcher.java:3180)
08-29 01:43:20.621: D/StrictMode(185): 	at android.animation.ValueAnimator.endAnimation(ValueAnimator.java:1033)
08-29 01:43:20.621: D/StrictMode(185): 	at android.animation.ValueAnimator.access$900(ValueAnimator.java:42)
08-29 01:43:20.621: D/StrictMode(185): 	at android.animation.ValueAnimator$AnimationHandler.handleMessage(ValueAnimator.java:668)
08-29 01:43:20.621: D/StrictMode(185): 	at android.os.Handler.dispatchMessage(Handler.java:99)
08-29 01:43:20.621: D/StrictMode(185): 	at android.os.Looper.loop(Looper.java:137)
08-29 01:43:20.621: D/StrictMode(185): 	at android.app.ActivityThread.main(ActivityThread.java:4340)
08-29 01:43:20.621: D/StrictMode(185): 	at java.lang.reflect.Method.invokeNative(Native Method)
08-29 01:43:20.621: D/StrictMode(185): 	at java.lang.reflect.Method.invoke(Method.java:511)
08-29 01:43:20.621: D/StrictMode(185): 	at com.android.internal.os.ZygoteInit$MethodAndArgsCaller.run(ZygoteInit.java:784)
08-29 01:43:20.621: D/StrictMode(185): 	at com.android.internal.os.ZygoteInit.main(ZygoteInit.java:551)
08-29 01:43:20.621: D/StrictMode(185): 	at dalvik.system.NativeStart.main(Native Method)
08-29 01:43:27.851: D/dalvikvm(185): GC_FOR_ALLOC freed 4981K, 27% free 17874K/24199K, paused 59ms
08-29 01:43:29.552: D/dalvikvm(185): GC_CONCURRENT freed 396K, 20% free 19400K/24199K, paused 10ms+6ms
08-29 01:43:30.311: D/dalvikvm(185): GC_CONCURRENT freed 4302K, 30% free 17109K/24199K, paused 6ms+10ms
08-29 01:43:31.251: D/dalvikvm(185): GC_FOR_ALLOC freed 1686K, 29% free 17313K/24199K, paused 66ms
08-29 01:43:32.091: D/dalvikvm(185): GC_FOR_ALLOC freed 1378K, 27% free 17702K/24199K, paused 97ms
08-29 01:43:51.581: D/dalvikvm(185): GC_FOR_ALLOC freed 1583K, 27% free 17882K/24199K, paused 70ms
08-29 01:44:04.142: I/ActivityManager(88): START {act=android.intent.action.MAIN cat=[android.intent.category.LAUNCHER] flg=0x10200000 cmp=com.example.android.apis/.ApiDemos} from pid 185
08-29 01:44:04.162: D/PermissionCache(35): checking android.permission.READ_FRAME_BUFFER for uid=1000 => granted (11963 us)
08-29 01:44:04.162: W/WindowManager(88): Failure taking screenshot for (180x300) to layer 21005
08-29 01:44:04.243: I/ActivityManager(88): Start proc com.example.android.apis for activity com.example.android.apis/.ApiDemos: pid=495 uid=10035 gids={3003, 1015, 1006}
08-29 01:44:04.342: I/WindowManager(88): createSurface Window{4164f798 Starting com.example.android.apis paused=false}: DRAW NOW PENDING
08-29 01:44:04.782: D/dalvikvm(88): GC_EXPLICIT freed 601K, 8% free 12568K/13575K, paused 5ms+11ms
08-29 01:44:04.822: W/NetworkManagementSocketTagger(88): setKernelCountSet(10035, 1) failed with errno -2
08-29 01:44:05.622: I/ActivityThread(495): Pub com.example.android.apis.app.LoaderThrottle: com.example.android.apis.app.LoaderThrottle$SimpleProvider
08-29 01:44:05.632: I/ActivityThread(495): Pub com.example.android.apis.content.FileProvider: com.example.android.apis.content.FileProvider
08-29 01:44:05.632: I/ActivityThread(495): Pub com.example.android.apis.SuggestionProvider: com.example.android.apis.app.SearchSuggestionSampleProvider
08-29 01:44:06.502: D/dalvikvm(495): GC_CONCURRENT freed 164K, 3% free 10189K/10439K, paused 5ms+6ms
08-29 01:44:06.882: W/NetworkManagementSocketTagger(88): setKernelCountSet(10005, 0) failed with errno -2
08-29 01:44:06.952: D/dalvikvm(495): GC_CONCURRENT freed 570K, 7% free 10117K/10823K, paused 4ms+6ms
08-29 01:44:07.012: I/WindowManager(88): createSurface Window{41521848 com.example.android.apis/com.example.android.apis.ApiDemos paused=false}: DRAW NOW PENDING
08-29 01:44:07.142: D/gralloc_goldfish(495): Emulator without GPU emulation detected.
08-29 01:44:07.201: I/ActivityManager(88): Displayed com.example.android.apis/.ApiDemos: +3s10ms
08-29 01:44:07.502: W/InputManagerService(88): Starting input on non-focused client com.android.internal.view.IInputMethodClient$Stub$Proxy@41507920 (uid=10005 pid=185)
08-29 01:44:11.241: W/WindowManager(88): Failure taking screenshot for (180x300) to layer 21010
08-29 01:44:11.261: W/NetworkManagementSocketTagger(88): setKernelCountSet(10005, 1) failed with errno -2
08-29 01:44:11.311: I/WindowManager(88): createSurface Window{41633700 com.android.launcher/com.android.launcher2.Launcher paused=false}: DRAW NOW PENDING
08-29 01:44:11.541: W/InputManagerService(88): Starting input on non-focused client com.android.internal.view.IInputMethodClient$Stub$Proxy@414c1208 (uid=10035 pid=495)
08-29 01:44:11.541: W/IInputConnectionWrapper(495): showStatusIcon on inactive InputConnection
08-29 01:44:11.961: W/NetworkManagementSocketTagger(88): setKernelCountSet(10035, 0) failed with errno -2
08-29 01:44:40.341: D/dalvikvm(185): GC_FOR_ALLOC freed 46K, 21% free 19225K/24199K, paused 67ms
08-29 01:44:40.682: D/dalvikvm(185): GC_FOR_ALLOC freed 3634K, 28% free 17492K/24199K, paused 63ms
08-29 01:44:41.211: D/dalvikvm(185): GC_FOR_ALLOC freed 1085K, 27% free 17711K/24199K, paused 59ms
08-29 01:44:42.051: D/dalvikvm(185): GC_CONCURRENT freed 1633K, 26% free 18115K/24199K, paused 5ms+9ms
08-29 01:44:42.661: D/dalvikvm(185): GC_CONCURRENT freed 390K, 19% free 19646K/24199K, paused 5ms+11ms
08-29 01:44:46.391: D/dalvikvm(185): GC_FOR_ALLOC freed 2181K, 24% free 18456K/24199K, paused 69ms
08-29 01:44:46.831: D/dalvikvm(185): GC_FOR_ALLOC freed 2503K, 29% free 17357K/24199K, paused 66ms
08-29 01:44:47.302: D/dalvikvm(185): GC_FOR_ALLOC freed 1680K, 28% free 17483K/24199K, paused 56ms
08-29 01:44:48.001: D/dalvikvm(185): GC_FOR_ALLOC freed 1376K, 27% free 17872K/24199K, paused 58ms
08-29 01:45:35.911: I/ActivityManager(88): START {act=android.intent.action.MAIN cat=[android.intent.category.LAUNCHER] flg=0x10200000 cmp=com.android.contacts/.activities.DialtactsActivity} from pid 185
08-29 01:45:35.991: W/WindowManager(88): Failure taking screenshot for (180x300) to layer 21005
08-29 01:45:36.011: W/NetworkManagementSocketTagger(88): setKernelCountSet(10009, 1) failed with errno -2
08-29 01:45:36.211: D/dalvikvm(88): GC_FOR_ALLOC freed 687K, 11% free 12105K/13575K, paused 142ms
08-29 01:45:36.221: I/dalvikvm-heap(88): Grow heap (frag case) to 12.910MB for 1048592-byte allocation
08-29 01:45:36.271: D/dalvikvm(324): GC_CONCURRENT freed 166K, 3% free 10128K/10439K, paused 4ms+17ms
08-29 01:45:36.356: D/dalvikvm(88): GC_FOR_ALLOC freed 8K, 11% free 13120K/14663K, paused 108ms
08-29 01:45:36.431: I/WindowManager(88): createSurface Window{4153ca60 Starting com.android.contacts paused=false}: DRAW NOW PENDING
08-29 01:45:36.901: D/dalvikvm(88): GC_CONCURRENT freed 13K, 11% free 13127K/14663K, paused 6ms+35ms
08-29 01:45:37.321: D/dalvikvm(324): GC_FOR_ALLOC freed 8K, 3% free 10185K/10439K, paused 292ms
08-29 01:45:37.321: I/dalvikvm-heap(324): Grow heap (frag case) to 11.030MB for 1048592-byte allocation
08-29 01:45:37.401: D/dalvikvm(324): GC_CONCURRENT freed <1K, 3% free 11208K/11527K, paused 3ms+3ms
08-29 01:45:37.991: D/dalvikvm(324): GC_CONCURRENT freed 117K, 2% free 11626K/11847K, paused 5ms+7ms
08-29 01:45:38.292: D/dalvikvm(324): GC_CONCURRENT freed 21K, 1% free 12176K/12295K, paused 4ms+7ms
08-29 01:45:38.361: W/NetworkManagementSocketTagger(88): setKernelCountSet(10005, 0) failed with errno -2
08-29 01:45:38.571: I/ActivityManager(88): START {act=android.intent.action.MAIN cat=[android.intent.category.LAUNCHER] flg=0x10200000 cmp=com.android.contacts/.activities.DialtactsActivity} from pid 185
08-29 01:45:38.601: I/WindowManager(88): createSurface Window{4162dc90 com.android.contacts/com.android.contacts.activities.DialtactsActivity paused=false}: DRAW NOW PENDING
08-29 01:45:39.001: W/InputManagerService(88): Starting input on non-focused client com.android.internal.view.IInputMethodClient$Stub$Proxy@41507920 (uid=10005 pid=185)
08-29 01:45:39.242: D/dalvikvm(88): GREF has increased to 401
08-29 01:45:39.471: D/gralloc_goldfish(324): Emulator without GPU emulation detected.
08-29 01:45:39.501: E/DefaultVoicemailNotifier(324): No voicemails to notify about: clear the notification.
08-29 01:45:39.671: I/ActivityManager(88): Displayed com.android.contacts/.activities.DialtactsActivity: +3s668ms
08-29 01:45:40.751: E/DefaultVoicemailNotifier(324): No voicemails to notify about: clear the notification.
08-29 01:45:40.791: E/DefaultVoicemailNotifier(324): No voicemails to notify about: clear the notification.
08-29 01:45:40.861: E/DefaultVoicemailNotifier(324): No voicemails to notify about: clear the notification.
08-29 01:45:41.131: D/dalvikvm(229): GC_CONCURRENT freed 322K, 5% free 10297K/10759K, paused 4ms+13ms
08-29 01:45:42.191: I/ActivityManager(88): moveTaskToBack: 4
08-29 01:45:42.191: W/WindowManager(88): Failure taking screenshot for (180x300) to layer 21010
08-29 01:45:42.211: W/NetworkManagementSocketTagger(88): setKernelCountSet(10005, 1) failed with errno -2
08-29 01:45:42.241: I/WindowManager(88): createSurface Window{41633700 com.android.launcher/com.android.launcher2.Launcher paused=false}: DRAW NOW PENDING
08-29 01:45:42.521: W/InputManagerService(88): Starting input on non-focused client com.android.internal.view.IInputMethodClient$Stub$Proxy@4152cc70 (uid=10009 pid=324)
08-29 01:45:42.521: W/IInputConnectionWrapper(324): showStatusIcon on inactive InputConnection
08-29 01:45:42.891: I/ARMAssembler(35): generated scanline__00000077:03515104_00008001_00000000 [113 ipp] (134 ins) at [0x41c88450:0x41c88668] in 5210748 ns
08-29 01:45:43.161: W/NetworkManagementSocketTagger(88): setKernelCountSet(10009, 0) failed with errno -2
08-29 01:45:43.321: E/DefaultVoicemailNotifier(324): No voicemails to notify about: clear the notification.
08-29 01:45:43.371: D/dalvikvm(324): GC_CONCURRENT freed 353K, 4% free 12570K/13063K, paused 4ms+7ms
08-29 01:45:43.401: E/StrictMode(324): A resource was acquired at attached stack trace but never released. See java.io.Closeable for information on avoiding resource leaks.
08-29 01:45:43.401: E/StrictMode(324): java.lang.Throwable: Explicit termination method 'close' not called
08-29 01:45:43.401: E/StrictMode(324): 	at dalvik.system.CloseGuard.open(CloseGuard.java:184)
08-29 01:45:43.401: E/StrictMode(324): 	at android.content.ContentResolver$CursorWrapperInner.<init>(ContentResolver.java:1581)
08-29 01:45:43.401: E/StrictMode(324): 	at android.content.ContentResolver.query(ContentResolver.java:320)
08-29 01:45:43.401: E/StrictMode(324): 	at android.content.AsyncQueryHandler$WorkerHandler.handleMessage(AsyncQueryHandler.java:79)
08-29 01:45:43.401: E/StrictMode(324): 	at com.android.contacts.calllog.CallLogQueryHandler$CatchingWorkerHandler.handleMessage(CallLogQueryHandler.java:92)
08-29 01:45:43.401: E/StrictMode(324): 	at android.os.Handler.dispatchMessage(Handler.java:99)
08-29 01:45:43.401: E/StrictMode(324): 	at android.os.Looper.loop(Looper.java:137)
08-29 01:45:43.401: E/StrictMode(324): 	at android.os.HandlerThread.run(HandlerThread.java:60)
08-29 01:45:43.401: W/CursorWrapperInner(324): Cursor finalized without prior close()
08-29 01:45:43.471: E/StrictMode(324): A resource was acquired at attached stack trace but never released. See java.io.Closeable for information on avoiding resource leaks.
08-29 01:45:43.471: E/StrictMode(324): java.lang.Throwable: Explicit termination method 'end' not called
08-29 01:45:43.471: E/StrictMode(324): 	at dalvik.system.CloseGuard.open(CloseGuard.java:184)
08-29 01:45:43.471: E/StrictMode(324): 	at java.util.zip.Inflater.<init>(Inflater.java:82)
08-29 01:45:43.471: E/StrictMode(324): 	at java.util.zip.ZipFile.getInputStream(ZipFile.java:270)
08-29 01:45:43.471: E/StrictMode(324): 	at java.util.jar.JarFile.getInputStream(JarFile.java:388)
08-29 01:45:43.471: E/StrictMode(324): 	at libcore.net.url.JarURLConnectionImpl.getInputStream(JarURLConnectionImpl.java:226)
08-29 01:45:43.471: E/StrictMode(324): 	at java.net.URL.openStream(URL.java:462)
08-29 01:45:43.471: E/StrictMode(324): 	at java.lang.ClassLoader.getResourceAsStream(ClassLoader.java:436)
08-29 01:45:43.471: E/StrictMode(324): 	at java.lang.Class.getResourceAsStream(Class.java:1114)
08-29 01:45:43.471: E/StrictMode(324): 	at com.android.i18n.phonenumbers.PhoneNumberUtil.loadMetadataForRegionFromFile(PhoneNumberUtil.java:608)
08-29 01:45:43.471: E/StrictMode(324): 	at com.android.i18n.phonenumbers.PhoneNumberUtil.getMetadataForRegion(PhoneNumberUtil.java:1661)
08-29 01:45:43.471: E/StrictMode(324): 	at com.android.i18n.phonenumbers.PhoneNumberUtil.getCountryCodeForRegion(PhoneNumberUtil.java:1779)
08-29 01:45:43.471: E/StrictMode(324): 	at com.android.i18n.phonenumbers.AsYouTypeFormatter.getMetadataForRegion(AsYouTypeFormatter.java:116)
08-29 01:45:43.471: E/StrictMode(324): 	at com.android.i18n.phonenumbers.AsYouTypeFormatter.<init>(AsYouTypeFormatter.java:109)
08-29 01:45:43.471: E/StrictMode(324): 	at com.android.i18n.phonenumbers.PhoneNumberUtil.getAsYouTypeFormatter(PhoneNumberUtil.java:1998)
08-29 01:45:43.471: E/StrictMode(324): 	at android.telephony.PhoneNumberFormattingTextWatcher.<init>(PhoneNumberFormattingTextWatcher.java:97)
08-29 01:45:43.471: E/StrictMode(324): 	at com.android.contacts.util.PhoneNumberFormatter$TextWatcherLoadAsyncTask.doInBackground(PhoneNumberFormatter.java:44)
08-29 01:45:43.471: E/StrictMode(324): 	at com.android.contacts.util.PhoneNumberFormatter$TextWatcherLoadAsyncTask.doInBackground(PhoneNumberFormatter.java:32)
08-29 01:45:43.471: E/StrictMode(324): 	at android.os.AsyncTask$2.call(AsyncTask.java:264)
08-29 01:45:43.471: E/StrictMode(324): 	at java.util.concurrent.FutureTask$Sync.innerRun(FutureTask.java:305)
08-29 01:45:43.471: E/StrictMode(324): 	at java.util.concurrent.FutureTask.run(FutureTask.java:137)
08-29 01:45:43.471: E/StrictMode(324): 	at java.util.concurrent.ThreadPoolExecutor.runWorker(ThreadPoolExecutor.java:1076)
08-29 01:45:43.471: E/StrictMode(324): 	at java.util.concurrent.ThreadPoolExecutor$Worker.run(ThreadPoolExecutor.java:569)
08-29 01:45:43.471: E/StrictMode(324): 	at java.lang.Thread.run(Thread.java:856)
08-29 01:46:00.602: I/ActivityManager(88): START {act=android.intent.action.MAIN cat=[android.intent.category.LAUNCHER] flg=0x10200000 cmp=com.android.calendar/.AllInOneActivity} from pid 185
08-29 01:46:00.662: W/WindowManager(88): Failure taking screenshot for (180x300) to layer 21010
08-29 01:46:00.692: W/NetworkManagementSocketTagger(88): setKernelCountSet(10010, 1) failed with errno -2
08-29 01:46:00.732: I/WindowManager(88): createSurface Window{415d7e88 Starting com.android.calendar paused=false}: DRAW NOW PENDING
08-29 01:46:02.242: D/AccountManagerService(88): bind attempt failed for Session: expectLaunch true, connected false, stats (0/0/0), lifetime 0.001, addAccount, accountType com.google, requiredFeatures null
08-29 01:46:02.322: I/WindowManager(88): createSurface Window{41604a88 com.android.calendar/com.android.calendar.AllInOneActivity paused=false}: DRAW NOW PENDING
08-29 01:46:02.591: D/dalvikvm(263): GC_CONCURRENT freed 161K, 3% free 10291K/10567K, paused 4ms+5ms
08-29 01:46:02.732: D/gralloc_goldfish(263): Emulator without GPU emulation detected.
08-29 01:46:02.822: I/ActivityManager(88): Displayed com.android.calendar/.AllInOneActivity: +2s136ms
08-29 01:46:03.143: W/NetworkManagementSocketTagger(88): setKernelCountSet(10005, 0) failed with errno -2
08-29 01:46:03.162: W/InputManagerService(88): Starting input on non-focused client com.android.internal.view.IInputMethodClient$Stub$Proxy@41507920 (uid=10005 pid=185)
08-29 01:46:05.221: W/WindowManager(88): Failure taking screenshot for (180x300) to layer 21015
08-29 01:46:05.251: W/NetworkManagementSocketTagger(88): setKernelCountSet(10005, 1) failed with errno -2
08-29 01:46:05.301: I/WindowManager(88): createSurface Window{41633700 com.android.launcher/com.android.launcher2.Launcher paused=false}: DRAW NOW PENDING
08-29 01:46:05.381: W/InputManagerService(88): Starting input on non-focused client com.android.internal.view.IInputMethodClient$Stub$Proxy@41619970 (uid=10010 pid=263)
08-29 01:46:06.071: W/NetworkManagementSocketTagger(88): setKernelCountSet(10010, 0) failed with errno -2
08-29 01:46:18.661: I/ActivityManager(88): START {act=android.intent.action.MAIN cat=[android.intent.category.LAUNCHER] flg=0x10200000 cmp=com.android.browser/.BrowserActivity} from pid 185
08-29 01:46:18.731: W/WindowManager(88): Failure taking screenshot for (180x300) to layer 21010
08-29 01:46:18.741: I/WindowManager(88): createSurface Window{414f9608 Starting com.android.browser paused=false}: DRAW NOW PENDING
08-29 01:46:18.811: I/ActivityManager(88): Start proc com.android.browser for activity com.android.browser/.BrowserActivity: pid=528 uid=10026 gids={3003, 1015}
08-29 01:46:18.981: W/NetworkManagementSocketTagger(88): setKernelCountSet(10026, 1) failed with errno -2
08-29 01:46:19.761: I/ActivityThread(528): Pub com.android.browser;browser: com.android.browser.provider.BrowserProvider2
08-29 01:46:19.781: I/ActivityThread(528): Pub com.android.browser.home: com.android.browser.homepages.HomeProvider
08-29 01:46:19.781: I/ActivityThread(528): Pub com.android.browser.snapshots: com.android.browser.provider.SnapshotProvider
08-29 01:46:20.001: E/ActivityThread(528): Failed to find provider info for com.google.settings
08-29 01:46:20.001: E/ActivityThread(528): Failed to find provider info for com.google.settings
08-29 01:46:20.231: D/dalvikvm(528): GC_CONCURRENT freed 207K, 4% free 10104K/10439K, paused 11ms+5ms
08-29 01:46:20.321: W/NetworkManagementSocketTagger(88): setKernelCountSet(10005, 0) failed with errno -2
08-29 01:46:20.582: E/ActivityThread(528): Failed to find provider info for com.google.settings
08-29 01:46:20.611: E/ActivityThread(528): Failed to find provider info for com.google.settings
08-29 01:46:20.631: E/libEGL(528): call to OpenGL ES API with no current context (logged once per thread)
08-29 01:46:20.631: D/ShaderProgram(528): couldn't load the vertex shader!
08-29 01:46:20.631: E/libEGL(528): call to OpenGL ES API with no current context (logged once per thread)
08-29 01:46:20.631: D/ShaderProgram(528): couldn't load the vertex shader!
08-29 01:46:20.631: E/libEGL(528): call to OpenGL ES API with no current context (logged once per thread)
08-29 01:46:20.631: D/ShaderProgram(528): couldn't load the vertex shader!
08-29 01:46:20.631: E/libEGL(528): call to OpenGL ES API with no current context (logged once per thread)
08-29 01:46:20.631: D/ShaderProgram(528): couldn't load the vertex shader!
08-29 01:46:20.631: E/libEGL(528): call to OpenGL ES API with no current context (logged once per thread)
08-29 01:46:20.631: D/ShaderProgram(528): couldn't load the vertex shader!
08-29 01:46:20.651: E/ActivityThread(528): Failed to find provider info for com.google.settings
08-29 01:46:20.671: D/TransferQueue(528): Now we set the upload to GpuUpload
08-29 01:46:20.692: E/ActivityThread(528): Failed to find provider info for com.google.settings
08-29 01:46:20.731: E/ActivityThread(528): Failed to find provider info for com.google.settings
08-29 01:46:20.801: D/dalvikvm(528): GC_CONCURRENT freed 241K, 4% free 10424K/10759K, paused 5ms+21ms
08-29 01:46:20.822: E/ActivityThread(528): Failed to find provider info for com.google.settings
08-29 01:46:20.822: E/ActivityThread(528): Failed to find provider info for com.google.settings
08-29 01:46:20.861: D/WebViewTimersControl(528): onBrowserActivityResume
08-29 01:46:20.861: D/WebViewTimersControl(528): Resuming webview timers, view=com.android.browser.BrowserWebView@41343028
08-29 01:46:20.871: E/ActivityThread(528): Failed to find provider info for com.google.settings
08-29 01:46:20.891: W/BaseUi(528): mMainView is already attached to wrapper in attachTabToContentView!
08-29 01:46:20.891: W/BaseUi(528): mContainer is already attached to content in attachTabToContentView!
08-29 01:46:20.901: E/ActivityThread(528): Failed to find provider info for com.google.settings
08-29 01:46:20.941: V/NFC(528): this device does not have NFC support
08-29 01:46:20.971: E/ActivityThread(528): Failed to find provider info for com.google.settings
08-29 01:46:21.061: D/dalvikvm(528): GC_CONCURRENT freed 339K, 5% free 10615K/11079K, paused 6ms+15ms
08-29 01:46:21.071: E/ActivityThread(528): Failed to find provider info for com.google.settings
08-29 01:46:21.081: E/ActivityThread(528): Failed to find provider info for com.google.settings
08-29 01:46:21.151: E/ActivityThread(528): Failed to find provider info for com.google.settings
08-29 01:46:21.171: E/ActivityThread(528): Failed to find provider info for com.google.settings
08-29 01:46:21.231: D/TransferQueue(528): Now we set the upload to GpuUpload
08-29 01:46:21.231: D/TransferQueue(528): Now we set the upload to GpuUpload
08-29 01:46:21.391: I/WindowManager(88): createSurface Window{415e3d58 com.android.browser/com.android.browser.BrowserActivity paused=false}: DRAW NOW PENDING
